<html>
<body>
<pre>
<h1>µVision Build Log</h1>
<h2>Tool Versions:</h2>
IDE-Version: µVision V5.29.0.0
Copyright (C) 2019 ARM Ltd and ARM Germany GmbH. All rights reserved.
License Information: ali v, ali, LIC=03CY8-3IR91-IH68E-5HI8A-E2BWE-68LHI
 
Tool Versions:
Toolchain:       MDK-ARM Plus  Version: 5.29.0.0
Toolchain Path:  C:\Keil_v5\ARM\ARMCLANG\Bin
C Compiler:      ArmClang.exe V6.13.1
Assembler:       Armasm.exe V6.13.1
Linker/Locator:  ArmLink.exe V6.13.1
Library Manager: ArmAr.exe V6.13.1
Hex Converter:   FromElf.exe V6.13.1
CPU DLL:         SARMCM3.DLL V5.29.0.0
Dialog DLL:      DCM.DLL V1.17.3.0
Target DLL:      STLink\ST-LINKIII-KEIL_SWO.dll V3.0.7.0
Dialog DLL:      TCM.DLL V1.36.5.0
 
<h2>Project:</h2>
F:\Vent_QSPI_GUI_Final030116\Vent_QSPI_GUI_IT\Vent_QSPI_GUI\MDK-ARM\EWB_STM32H7NanoFull_TouchGFX_RGB7inch_RstTouch.uvprojx
Project File Date:  04/03/2024

<h2>Output:</h2>
*** Using Compiler 'V6.13.1', folder: 'C:\Keil_v5\ARM\ARMCLANG\Bin'
Build target 'EWB_STM32H7NanoFull_TouchGFX_RGB7inch_RstTouch'
compiling Font_AGENCYR_TTF_16_4bpp_0.cpp...
compiling ApplicationFontProvider.cpp...
compiling CachedFont.cpp...
compiling Font_AGENCYR_TTF_20_4bpp_0.cpp...
compiling Font_DUBAI_BOLD_TTF_20_4bpp_0.cpp...
compiling Font_DUBAI_BOLD_TTF_20_4bpp_31.cpp...
compiling screenPresenter.cpp...
compiling TouchGFXGeneratedHAL.cpp...
compiling TouchGFXConfiguration.cpp...
compiling Font_DUBAI_BOLD_TTF_26_4bpp_0.cpp...
compiling Font_DUBAI_BOLD_TTF_26_4bpp_31.cpp...
compiling Font_DUBAI_LIGHT_TTF_20_4bpp_0.cpp...
compiling Font_DUBAI_BOLD_TTF_30_4bpp_0.cpp...
compiling Font_verdana_10_4bpp_0.cpp...
compiling Font_verdanab_12_4bpp_0.cpp...
compiling Font_verdana_40_4bpp_0.cpp...
compiling Font_verdanab_16_4bpp_0.cpp...
compiling Font_verdanab_20_4bpp_0.cpp...
compiling Font_verdanab_25_4bpp_0.cpp...
compiling Font_verdanab_30_4bpp_0.cpp...
compiling Font_verdanab_34_4bpp_0.cpp...
compiling Font_verdanab_40_4bpp_0.cpp...
compiling Font_verdanab_36_4bpp_0.cpp...
compiling Font_verdanai_20_4bpp_0.cpp...
compiling FontCache.cpp...
compiling Kerning_AGENCYR_TTF_16_4bpp.cpp...
compiling GeneratedFont.cpp...
compiling Kerning_AGENCYR_TTF_20_4bpp.cpp...
compiling Kerning_DUBAI_BOLD_TTF_20_4bpp.cpp...
compiling Kerning_verdana_10_4bpp.cpp...
compiling Kerning_DUBAI_BOLD_TTF_26_4bpp.cpp...
compiling Kerning_DUBAI_LIGHT_TTF_20_4bpp.cpp...
compiling Kerning_DUBAI_BOLD_TTF_30_4bpp.cpp...
compiling FrontendApplicationBase.cpp...
compiling Kerning_verdana_40_4bpp.cpp...
compiling Kerning_verdanab_16_4bpp.cpp...
compiling Kerning_verdanab_12_4bpp.cpp...
compiling Kerning_verdanab_25_4bpp.cpp...
compiling Kerning_verdanab_20_4bpp.cpp...
compiling Kerning_verdanab_30_4bpp.cpp...
compiling Kerning_verdanab_34_4bpp.cpp...
compiling Kerning_verdanab_36_4bpp.cpp...
compiling Kerning_verdanai_20_4bpp.cpp...
compiling Kerning_verdanab_40_4bpp.cpp...
compiling LanguageArb.cpp...
compiling LanguageGb.cpp...
compiling Table_AGENCYR_TTF_16_4bpp.cpp...
compiling Table_AGENCYR_TTF_20_4bpp.cpp...
compiling Table_DUBAI_BOLD_TTF_26_4bpp.cpp...
compiling Table_DUBAI_BOLD_TTF_30_4bpp.cpp...
compiling Table_DUBAI_BOLD_TTF_20_4bpp.cpp...
compiling Table_DUBAI_LIGHT_TTF_20_4bpp.cpp...
compiling Table_verdana_10_4bpp.cpp...
compiling Table_verdana_40_4bpp.cpp...
compiling Table_verdanab_16_4bpp.cpp...
compiling Table_verdanab_12_4bpp.cpp...
compiling Table_verdanab_20_4bpp.cpp...
compiling Table_verdanab_25_4bpp.cpp...
compiling Table_verdanab_30_4bpp.cpp...
compiling Table_verdanab_36_4bpp.cpp...
compiling Table_verdanab_34_4bpp.cpp...
compiling Table_verdanab_40_4bpp.cpp...
compiling Table_verdanai_20_4bpp.cpp...
compiling Texts.cpp...
compiling UnmappedDataFont.cpp...
compiling TypedTextDatabase.cpp...
compiling screenViewBase.cpp...
compiling screenView.cpp...
linking...
Program Size: Code=524132 RO-data=5284668 RW-data=1764 ZI-data=445116  
FromELF: creating hex file...
".\OBJ\EWB_STM32H7NanoFull_TouchGFX_RGB7inch_RstTouch.axf" - 0 Error(s), 0 Warning(s).

<h2>Software Packages used:</h2>

Package Vendor: ARM
                http://www.keil.com/pack/ARM.CMSIS.5.6.0.pack
                ARM.CMSIS.5.6.0
                CMSIS (Cortex Microcontroller Software Interface Standard)
   * Component: CORE Version: 5.3.0

Package Vendor: Keil
                http://www.keil.com/pack/Keil.STM32H7xx_DFP.3.0.0.pack
                Keil.STM32H7xx_DFP.3.0.0
                STMicroelectronics STM32H7 Series Device Support and Examples

<h2>Collection of Component include folders:</h2>
  .\RTE\_EWB_STM32H7NanoFull_TouchGFX_RGB7inch_RstTouch
  C:\Users\COMPUTER\AppData\Local\Arm\Packs\ARM\CMSIS\5.6.0\CMSIS\Core\Include
  C:\Users\COMPUTER\AppData\Local\Arm\Packs\Keil\STM32H7xx_DFP\3.0.0\Drivers\CMSIS\Device\ST\STM32H7xx\Include

<h2>Collection of Component Files used:</h2>

   * Component: ARM::CMSIS:CORE:5.3.0
Build Time Elapsed:  00:00:30
</pre>
</body>
</html>
